---
- council_reference: FS 2018/50.1
  address: Young Road COWRA 2794 NSW
  description: Alterations & additions to Council depot & demolition of existing
  info_url: http://myhorizon.solorient.com.au/Horizon/logonGuest.aw?domain=horizondap_cowra
  comment_url: mailto:council@cowra.nsw.gov.au
  date_scraped: '2019-05-15'
  date_received: '2019-07-08'
